Archive member included because of file (symbol)

/usr/local/CrossPack-AVR-20121207/lib/gcc/avr/4.6.2/../../../../avr/lib/avr4/libm.a(addsf3.o)
                              main.o (__addsf3)
/usr/local/CrossPack-AVR-20121207/lib/gcc/avr/4.6.2/../../../../avr/lib/avr4/libm.a(addsf3x.o)
                              /usr/local/CrossPack-AVR-20121207/lib/gcc/avr/4.6.2/../../../../avr/lib/avr4/libm.a(addsf3.o) (__addsf3x)
/usr/local/CrossPack-AVR-20121207/lib/gcc/avr/4.6.2/../../../../avr/lib/avr4/libm.a(cmpsf2.o)
                              main.o (__ltsf2)
/usr/local/CrossPack-AVR-20121207/lib/gcc/avr/4.6.2/../../../../avr/lib/avr4/libm.a(divsf3.o)
                              main.o (__divsf3)
/usr/local/CrossPack-AVR-20121207/lib/gcc/avr/4.6.2/../../../../avr/lib/avr4/libm.a(divsf3x.o)
                              /usr/local/CrossPack-AVR-20121207/lib/gcc/avr/4.6.2/../../../../avr/lib/avr4/libm.a(divsf3.o) (__divsf3x)
/usr/local/CrossPack-AVR-20121207/lib/gcc/avr/4.6.2/../../../../avr/lib/avr4/libm.a(fixunssfsi.o)
                              main.o (__fixunssfsi)
/usr/local/CrossPack-AVR-20121207/lib/gcc/avr/4.6.2/../../../../avr/lib/avr4/libm.a(floatsisf.o)
                              main.o (__floatunsisf)
/usr/local/CrossPack-AVR-20121207/lib/gcc/avr/4.6.2/../../../../avr/lib/avr4/libm.a(fp_cmp.o)
                              /usr/local/CrossPack-AVR-20121207/lib/gcc/avr/4.6.2/../../../../avr/lib/avr4/libm.a(cmpsf2.o) (__fp_cmp)
/usr/local/CrossPack-AVR-20121207/lib/gcc/avr/4.6.2/../../../../avr/lib/avr4/libm.a(fp_inf.o)
                              /usr/local/CrossPack-AVR-20121207/lib/gcc/avr/4.6.2/../../../../avr/lib/avr4/libm.a(addsf3x.o) (__fp_inf)
/usr/local/CrossPack-AVR-20121207/lib/gcc/avr/4.6.2/../../../../avr/lib/avr4/libm.a(fp_nan.o)
                              /usr/local/CrossPack-AVR-20121207/lib/gcc/avr/4.6.2/../../../../avr/lib/avr4/libm.a(addsf3x.o) (__fp_nan)
/usr/local/CrossPack-AVR-20121207/lib/gcc/avr/4.6.2/../../../../avr/lib/avr4/libm.a(fp_pscA.o)
                              /usr/local/CrossPack-AVR-20121207/lib/gcc/avr/4.6.2/../../../../avr/lib/avr4/libm.a(addsf3x.o) (__fp_pscA)
/usr/local/CrossPack-AVR-20121207/lib/gcc/avr/4.6.2/../../../../avr/lib/avr4/libm.a(fp_pscB.o)
                              /usr/local/CrossPack-AVR-20121207/lib/gcc/avr/4.6.2/../../../../avr/lib/avr4/libm.a(addsf3x.o) (__fp_pscB)
/usr/local/CrossPack-AVR-20121207/lib/gcc/avr/4.6.2/../../../../avr/lib/avr4/libm.a(fp_round.o)
                              /usr/local/CrossPack-AVR-20121207/lib/gcc/avr/4.6.2/../../../../avr/lib/avr4/libm.a(addsf3.o) (__fp_round)
/usr/local/CrossPack-AVR-20121207/lib/gcc/avr/4.6.2/../../../../avr/lib/avr4/libm.a(fp_split3.o)
                              /usr/local/CrossPack-AVR-20121207/lib/gcc/avr/4.6.2/../../../../avr/lib/avr4/libm.a(addsf3x.o) (__fp_split3)
/usr/local/CrossPack-AVR-20121207/lib/gcc/avr/4.6.2/../../../../avr/lib/avr4/libm.a(fp_zero.o)
                              /usr/local/CrossPack-AVR-20121207/lib/gcc/avr/4.6.2/../../../../avr/lib/avr4/libm.a(addsf3x.o) (__fp_zero)
/usr/local/CrossPack-AVR-20121207/lib/gcc/avr/4.6.2/../../../../avr/lib/avr4/libm.a(mulsf3.o)
                              main.o (__mulsf3)
/usr/local/CrossPack-AVR-20121207/lib/gcc/avr/4.6.2/../../../../avr/lib/avr4/libm.a(mulsf3x.o)
                              /usr/local/CrossPack-AVR-20121207/lib/gcc/avr/4.6.2/../../../../avr/lib/avr4/libm.a(mulsf3.o) (__mulsf3x)
/usr/local/CrossPack-AVR-20121207/lib/gcc/avr/4.6.2/avr4/libgcc.a(_mulsi3.o)
                              lcd_595_softspi.o (__mulsi3)
/usr/local/CrossPack-AVR-20121207/lib/gcc/avr/4.6.2/avr4/libgcc.a(_udivmodhi4.o)
                              BarMeter.o (__udivmodhi4)
/usr/local/CrossPack-AVR-20121207/lib/gcc/avr/4.6.2/avr4/libgcc.a(_udivmodsi4.o)
                              lcd_595_softspi.o (__udivmodsi4)
/usr/local/CrossPack-AVR-20121207/lib/gcc/avr/4.6.2/avr4/libgcc.a(_exit.o)
                              /usr/local/CrossPack-AVR-20121207/lib/gcc/avr/4.6.2/../../../../avr/lib/avr4/crtm88p.o (exit)
/usr/local/CrossPack-AVR-20121207/lib/gcc/avr/4.6.2/avr4/libgcc.a(_copy_data.o)
                              BarMeter.o (__do_copy_data)
/usr/local/CrossPack-AVR-20121207/lib/gcc/avr/4.6.2/avr4/libgcc.a(_clear_bss.o)
                              BarMeter.o (__do_clear_bss)

Allocating common symbols
Common symbol       size              file

RxName              0xe               main.o
DATA                0x1               lcd_595_softspi.o
freq                0x4               main.o
t_id                0x4               main.o
cnt                 0x4               main.o
RxName_long         0xe               main.o
rpm                 0x4               main.o
data                0x10              main.o
meas_array          0x24              main.o
E                   0x1               lcd_595_softspi.o
RxNameLength        0x7               main.o
RxName_short        0xe               main.o
RS                  0x1               lcd_595_softspi.o
proc_array          0x24              main.o

Memory Configuration

Name             Origin             Length             Attributes
text             0x00000000         0x00002000         xr
data             0x00800060         0x0000ffa0         rw !x
eeprom           0x00810000         0x00010000         rw !x
fuse             0x00820000         0x00000400         rw !x
lock             0x00830000         0x00000400         rw !x
signature        0x00840000         0x00000400         rw !x
*default*        0x00000000         0xffffffff

Linker script and memory map

Address of section .data set to 0x800100
LOAD /usr/local/CrossPack-AVR-20121207/lib/gcc/avr/4.6.2/../../../../avr/lib/avr4/crtm88p.o
LOAD BarMeter.o
LOAD ExtInterrupt.o
LOAD lcd_595_softspi.o
LOAD main.o
LOAD usart.o
LOAD /usr/local/CrossPack-AVR-20121207/lib/gcc/avr/4.6.2/../../../../avr/lib/avr4/libm.a
LOAD /usr/local/CrossPack-AVR-20121207/lib/gcc/avr/4.6.2/avr4/libgcc.a
LOAD /usr/local/CrossPack-AVR-20121207/lib/gcc/avr/4.6.2/../../../../avr/lib/avr4/libc.a
LOAD /usr/local/CrossPack-AVR-20121207/lib/gcc/avr/4.6.2/avr4/libgcc.a

.hash
 *(.hash)

.dynsym
 *(.dynsym)

.dynstr
 *(.dynstr)

.gnu.version
 *(.gnu.version)

.gnu.version_d
 *(.gnu.version_d)

.gnu.version_r
 *(.gnu.version_r)

.rel.init
 *(.rel.init)

.rela.init
 *(.rela.init)

.rel.text
 *(.rel.text)
 *(.rel.text.*)
 *(.rel.gnu.linkonce.t*)

.rela.text
 *(.rela.text)
 *(.rela.text.*)
 *(.rela.gnu.linkonce.t*)

.rel.fini
 *(.rel.fini)

.rela.fini
 *(.rela.fini)

.rel.rodata
 *(.rel.rodata)
 *(.rel.rodata.*)
 *(.rel.gnu.linkonce.r*)

.rela.rodata
 *(.rela.rodata)
 *(.rela.rodata.*)
 *(.rela.gnu.linkonce.r*)

.rel.data
 *(.rel.data)
 *(.rel.data.*)
 *(.rel.gnu.linkonce.d*)

.rela.data
 *(.rela.data)
 *(.rela.data.*)
 *(.rela.gnu.linkonce.d*)

.rel.ctors
 *(.rel.ctors)

.rela.ctors
 *(.rela.ctors)

.rel.dtors
 *(.rel.dtors)

.rela.dtors
 *(.rela.dtors)

.rel.got
 *(.rel.got)

.rela.got
 *(.rela.got)

.rel.bss
 *(.rel.bss)

.rela.bss
 *(.rela.bss)

.rel.plt
 *(.rel.plt)

.rela.plt
 *(.rela.plt)

.text           0x00000000     0x1320
 *(.vectors)
 .vectors       0x00000000       0x34 /usr/local/CrossPack-AVR-20121207/lib/gcc/avr/4.6.2/../../../../avr/lib/avr4/crtm88p.o
                0x00000000                __vectors
 *(.vectors)
 *(.progmem.gcc*)
 *(.progmem*)
                0x00000034                . = ALIGN (0x2)
                0x00000034                __trampolines_start = .
 *(.trampolines)
 .trampolines   0x00000034        0x0 linker stubs
 *(.trampolines*)
                0x00000034                __trampolines_end = .
 *(.jumptables)
 *(.jumptables*)
 *(.lowtext)
 *(.lowtext*)
                0x00000034                __ctors_start = .
 *(.ctors)
                0x00000034                __ctors_end = .
                0x00000034                __dtors_start = .
 *(.dtors)
                0x00000034                __dtors_end = .
 SORT(*)(.ctors)
 SORT(*)(.dtors)
 *(.init0)
 .init0         0x00000034        0x0 /usr/local/CrossPack-AVR-20121207/lib/gcc/avr/4.6.2/../../../../avr/lib/avr4/crtm88p.o
                0x00000034                __init
 *(.init0)
 *(.init1)
 *(.init1)
 *(.init2)
 .init2         0x00000034        0xc /usr/local/CrossPack-AVR-20121207/lib/gcc/avr/4.6.2/../../../../avr/lib/avr4/crtm88p.o
 *(.init2)
 *(.init3)
 *(.init3)
 *(.init4)
 .init4         0x00000040       0x16 /usr/local/CrossPack-AVR-20121207/lib/gcc/avr/4.6.2/avr4/libgcc.a(_copy_data.o)
                0x00000040                __do_copy_data
 .init4         0x00000056       0x10 /usr/local/CrossPack-AVR-20121207/lib/gcc/avr/4.6.2/avr4/libgcc.a(_clear_bss.o)
                0x00000056                __do_clear_bss
 *(.init4)
 *(.init5)
 *(.init5)
 *(.init6)
 *(.init6)
 *(.init7)
 *(.init7)
 *(.init8)
 *(.init8)
 *(.init9)
 .init9         0x00000066        0x4 /usr/local/CrossPack-AVR-20121207/lib/gcc/avr/4.6.2/../../../../avr/lib/avr4/crtm88p.o
 *(.init9)
 *(.text)
 .text          0x0000006a        0x2 /usr/local/CrossPack-AVR-20121207/lib/gcc/avr/4.6.2/../../../../avr/lib/avr4/crtm88p.o
                0x0000006a                __vector_20
                0x0000006a                __vector_24
                0x0000006a                __vector_12
                0x0000006a                __bad_interrupt
                0x0000006a                __vector_6
                0x0000006a                __vector_3
                0x0000006a                __vector_23
                0x0000006a                __vector_25
                0x0000006a                __vector_11
                0x0000006a                __vector_17
                0x0000006a                __vector_19
                0x0000006a                __vector_7
                0x0000006a                __vector_5
                0x0000006a                __vector_4
                0x0000006a                __vector_9
                0x0000006a                __vector_2
                0x0000006a                __vector_21
                0x0000006a                __vector_15
                0x0000006a                __vector_8
                0x0000006a                __vector_14
                0x0000006a                __vector_10
                0x0000006a                __vector_16
                0x0000006a                __vector_22
 .text          0x0000006c      0x11a BarMeter.o
                0x0000006c                BarMeter_init
                0x000000ea                BarMeter_disp
 .text          0x00000186       0x1c ExtInterrupt.o
                0x00000186                ExtInterrupt_init
 .text          0x000001a2      0x306 lcd_595_softspi.o
                0x000001a2                SoftSPI_Init
                0x000001aa                SoftSPI_TX
                0x000001f2                send_bits_595
                0x00000216                lcd_set_4bit
                0x0000024e                lcd_init
                0x00000312                lcd_set_char
                0x0000032e                lcd_locate
                0x00000358                lcd_set_str
                0x0000036e                lcd_set_numeric
                0x0000046a                lcd_clear
                0x00000490                lcd_set_CGRAMaddr
 .text          0x000004a8      0x30c main.o
                0x000004a8                set_initial_t_id
                0x000004c0                timer1_init
                0x000004ea                PWM_init
                0x000004fe                StrLength
                0x00000514                BubbleSort
                0x000005ca                DisplayItemInfo
                0x000005fe                __vector_18
                0x000006a0                __vector_1
                0x00000720                __vector_13
                0x0000079a                __vector_default
 .text          0x000007b4       0x9e usart.o
                0x000007b4                USARTinit
                0x000007ce                USART_transmit
                0x000007dc                USART_receive
                0x000007e2                USART_receive_woTO
                0x00000814                USART_receive_wTO
 .text          0x00000852        0x0 /usr/local/CrossPack-AVR-20121207/lib/gcc/avr/4.6.2/../../../../avr/lib/avr4/libm.a(addsf3.o)
 .text          0x00000852        0x0 /usr/local/CrossPack-AVR-20121207/lib/gcc/avr/4.6.2/../../../../avr/lib/avr4/libm.a(addsf3x.o)
 .text          0x00000852        0x0 /usr/local/CrossPack-AVR-20121207/lib/gcc/avr/4.6.2/../../../../avr/lib/avr4/libm.a(cmpsf2.o)
 .text          0x00000852        0x0 /usr/local/CrossPack-AVR-20121207/lib/gcc/avr/4.6.2/../../../../avr/lib/avr4/libm.a(divsf3.o)
 .text          0x00000852        0x0 /usr/local/CrossPack-AVR-20121207/lib/gcc/avr/4.6.2/../../../../avr/lib/avr4/libm.a(divsf3x.o)
 .text          0x00000852        0x0 /usr/local/CrossPack-AVR-20121207/lib/gcc/avr/4.6.2/../../../../avr/lib/avr4/libm.a(fixunssfsi.o)
 .text          0x00000852        0x0 /usr/local/CrossPack-AVR-20121207/lib/gcc/avr/4.6.2/../../../../avr/lib/avr4/libm.a(floatsisf.o)
 .text          0x00000852        0x0 /usr/local/CrossPack-AVR-20121207/lib/gcc/avr/4.6.2/../../../../avr/lib/avr4/libm.a(fp_cmp.o)
 .text          0x00000852        0x0 /usr/local/CrossPack-AVR-20121207/lib/gcc/avr/4.6.2/../../../../avr/lib/avr4/libm.a(fp_inf.o)
 .text          0x00000852        0x0 /usr/local/CrossPack-AVR-20121207/lib/gcc/avr/4.6.2/../../../../avr/lib/avr4/libm.a(fp_nan.o)
 .text          0x00000852        0x0 /usr/local/CrossPack-AVR-20121207/lib/gcc/avr/4.6.2/../../../../avr/lib/avr4/libm.a(fp_pscA.o)
 .text          0x00000852        0x0 /usr/local/CrossPack-AVR-20121207/lib/gcc/avr/4.6.2/../../../../avr/lib/avr4/libm.a(fp_pscB.o)
 .text          0x00000852        0x0 /usr/local/CrossPack-AVR-20121207/lib/gcc/avr/4.6.2/../../../../avr/lib/avr4/libm.a(fp_round.o)
 .text          0x00000852        0x0 /usr/local/CrossPack-AVR-20121207/lib/gcc/avr/4.6.2/../../../../avr/lib/avr4/libm.a(fp_split3.o)
 .text          0x00000852        0x0 /usr/local/CrossPack-AVR-20121207/lib/gcc/avr/4.6.2/../../../../avr/lib/avr4/libm.a(fp_zero.o)
 .text          0x00000852        0x0 /usr/local/CrossPack-AVR-20121207/lib/gcc/avr/4.6.2/../../../../avr/lib/avr4/libm.a(mulsf3.o)
 .text          0x00000852        0x0 /usr/local/CrossPack-AVR-20121207/lib/gcc/avr/4.6.2/../../../../avr/lib/avr4/libm.a(mulsf3x.o)
 .text          0x00000852        0x0 /usr/local/CrossPack-AVR-20121207/lib/gcc/avr/4.6.2/avr4/libgcc.a(_mulsi3.o)
 .text          0x00000852        0x0 /usr/local/CrossPack-AVR-20121207/lib/gcc/avr/4.6.2/avr4/libgcc.a(_udivmodhi4.o)
 .text          0x00000852        0x0 /usr/local/CrossPack-AVR-20121207/lib/gcc/avr/4.6.2/avr4/libgcc.a(_udivmodsi4.o)
 .text          0x00000852        0x0 /usr/local/CrossPack-AVR-20121207/lib/gcc/avr/4.6.2/avr4/libgcc.a(_exit.o)
 .text          0x00000852        0x0 /usr/local/CrossPack-AVR-20121207/lib/gcc/avr/4.6.2/avr4/libgcc.a(_copy_data.o)
 .text          0x00000852        0x0 /usr/local/CrossPack-AVR-20121207/lib/gcc/avr/4.6.2/avr4/libgcc.a(_clear_bss.o)
                0x00000852                . = ALIGN (0x2)
 *(.text.*)
 .text.startup  0x00000852      0x5fc main.o
                0x00000852                main
 .text.avr-libc.fplib
                0x00000e4e        0xa /usr/local/CrossPack-AVR-20121207/lib/gcc/avr/4.6.2/../../../../avr/lib/avr4/libm.a(addsf3.o)
                0x00000e4e                __subsf3
                0x00000e50                __addsf3
 .text.avr-libc.fplib
                0x00000e58       0xc0 /usr/local/CrossPack-AVR-20121207/lib/gcc/avr/4.6.2/../../../../avr/lib/avr4/libm.a(addsf3x.o)
                0x00000e72                __addsf3x
 .text.avr-libc.fplib
                0x00000f18        0x8 /usr/local/CrossPack-AVR-20121207/lib/gcc/avr/4.6.2/../../../../avr/lib/avr4/libm.a(cmpsf2.o)
                0x00000f18                __lesf2
                0x00000f18                __nesf2
                0x00000f18                __eqsf2
                0x00000f18                __cmpsf2
                0x00000f18                __ltsf2
 .text.avr-libc.fplib
                0x00000f20        0x4 /usr/local/CrossPack-AVR-20121207/lib/gcc/avr/4.6.2/../../../../avr/lib/avr4/libm.a(divsf3.o)
                0x00000f20                __divsf3
 .text.avr-libc.fplib
                0x00000f24       0xcc /usr/local/CrossPack-AVR-20121207/lib/gcc/avr/4.6.2/../../../../avr/lib/avr4/libm.a(divsf3x.o)
                0x00000f3a                __divsf3x
                0x00000f3e                __divsf3_pse
 .text.avr-libc.fplib
                0x00000ff0       0x58 /usr/local/CrossPack-AVR-20121207/lib/gcc/avr/4.6.2/../../../../avr/lib/avr4/libm.a(fixunssfsi.o)
                0x00000ff0                __fixunssfsi
 .text.avr-libc.fplib
                0x00001048       0x7a /usr/local/CrossPack-AVR-20121207/lib/gcc/avr/4.6.2/../../../../avr/lib/avr4/libm.a(floatsisf.o)
                0x00001048                __floatunsisf
                0x0000104c                __floatsisf
 .text.avr-libc.fplib
                0x000010c2       0x48 /usr/local/CrossPack-AVR-20121207/lib/gcc/avr/4.6.2/../../../../avr/lib/avr4/libm.a(fp_cmp.o)
                0x000010c2                __fp_cmp
 .text.avr-libc.fplib
                0x0000110a        0xc /usr/local/CrossPack-AVR-20121207/lib/gcc/avr/4.6.2/../../../../avr/lib/avr4/libm.a(fp_inf.o)
                0x0000110a                __fp_inf
 .text.avr-libc.fplib
                0x00001116        0x6 /usr/local/CrossPack-AVR-20121207/lib/gcc/avr/4.6.2/../../../../avr/lib/avr4/libm.a(fp_nan.o)
                0x00001116                __fp_nan
 .text.avr-libc.fplib
                0x0000111c        0xe /usr/local/CrossPack-AVR-20121207/lib/gcc/avr/4.6.2/../../../../avr/lib/avr4/libm.a(fp_pscA.o)
                0x0000111c                __fp_pscA
 .text.avr-libc.fplib
                0x0000112a        0xe /usr/local/CrossPack-AVR-20121207/lib/gcc/avr/4.6.2/../../../../avr/lib/avr4/libm.a(fp_pscB.o)
                0x0000112a                __fp_pscB
 .text.avr-libc.fplib
                0x00001138       0x22 /usr/local/CrossPack-AVR-20121207/lib/gcc/avr/4.6.2/../../../../avr/lib/avr4/libm.a(fp_round.o)
                0x00001138                __fp_round
 .text.avr-libc.fplib
                0x0000115a       0x44 /usr/local/CrossPack-AVR-20121207/lib/gcc/avr/4.6.2/../../../../avr/lib/avr4/libm.a(fp_split3.o)
                0x0000115a                __fp_split3
                0x0000116a                __fp_splitA
 .text.avr-libc.fplib
                0x0000119e        0xe /usr/local/CrossPack-AVR-20121207/lib/gcc/avr/4.6.2/../../../../avr/lib/avr4/libm.a(fp_zero.o)
                0x0000119e                __fp_zero
                0x000011a0                __fp_szero
 .text.avr-libc.fplib
                0x000011ac        0x4 /usr/local/CrossPack-AVR-20121207/lib/gcc/avr/4.6.2/../../../../avr/lib/avr4/libm.a(mulsf3.o)
                0x000011ac                __mulsf3
 .text.avr-libc.fplib
                0x000011b0       0xc2 /usr/local/CrossPack-AVR-20121207/lib/gcc/avr/4.6.2/../../../../avr/lib/avr4/libm.a(mulsf3x.o)
                0x000011c4                __mulsf3x
                0x000011c8                __mulsf3_pse
 .text.libgcc   0x00001272       0x3e /usr/local/CrossPack-AVR-20121207/lib/gcc/avr/4.6.2/avr4/libgcc.a(_mulsi3.o)
                0x00001272                __mulsi3
 .text.libgcc   0x000012b0       0x28 /usr/local/CrossPack-AVR-20121207/lib/gcc/avr/4.6.2/avr4/libgcc.a(_udivmodhi4.o)
                0x000012b0                __udivmodhi4
 .text.libgcc   0x000012d8       0x44 /usr/local/CrossPack-AVR-20121207/lib/gcc/avr/4.6.2/avr4/libgcc.a(_udivmodsi4.o)
                0x000012d8                __udivmodsi4
 .text.libgcc   0x0000131c        0x0 /usr/local/CrossPack-AVR-20121207/lib/gcc/avr/4.6.2/avr4/libgcc.a(_exit.o)
 .text.libgcc   0x0000131c        0x0 /usr/local/CrossPack-AVR-20121207/lib/gcc/avr/4.6.2/avr4/libgcc.a(_copy_data.o)
 .text.libgcc   0x0000131c        0x0 /usr/local/CrossPack-AVR-20121207/lib/gcc/avr/4.6.2/avr4/libgcc.a(_clear_bss.o)
                0x0000131c                . = ALIGN (0x2)
 *(.fini9)
 .fini9         0x0000131c        0x0 /usr/local/CrossPack-AVR-20121207/lib/gcc/avr/4.6.2/avr4/libgcc.a(_exit.o)
                0x0000131c                exit
                0x0000131c                _exit
 *(.fini9)
 *(.fini8)
 *(.fini8)
 *(.fini7)
 *(.fini7)
 *(.fini6)
 *(.fini6)
 *(.fini5)
 *(.fini5)
 *(.fini4)
 *(.fini4)
 *(.fini3)
 *(.fini3)
 *(.fini2)
 *(.fini2)
 *(.fini1)
 *(.fini1)
 *(.fini0)
 .fini0         0x0000131c        0x4 /usr/local/CrossPack-AVR-20121207/lib/gcc/avr/4.6.2/avr4/libgcc.a(_exit.o)
 *(.fini0)
                0x00001320                _etext = .

.data           0x00800100       0xee load address 0x00001320
                0x00800100                PROVIDE (__data_start, .)
 *(.data)
 .data          0x00800100        0x0 /usr/local/CrossPack-AVR-20121207/lib/gcc/avr/4.6.2/../../../../avr/lib/avr4/crtm88p.o
 .data          0x00800100        0x2 BarMeter.o
                0x00800100                BarMeter_INTG
 .data          0x00800102        0x0 ExtInterrupt.o
 .data          0x00800102        0x0 lcd_595_softspi.o
 .data          0x00800102       0xec main.o
                0x008001df                minv
                0x008001e3                lcd_update
                0x008001e4                RxID
                0x008001eb                chg_count
                0x008001ed                chg_index
 .data          0x008001ee        0x0 usart.o
 .data          0x008001ee        0x0 /usr/local/CrossPack-AVR-20121207/lib/gcc/avr/4.6.2/../../../../avr/lib/avr4/libm.a(addsf3.o)
 .data          0x008001ee        0x0 /usr/local/CrossPack-AVR-20121207/lib/gcc/avr/4.6.2/../../../../avr/lib/avr4/libm.a(addsf3x.o)
 .data          0x008001ee        0x0 /usr/local/CrossPack-AVR-20121207/lib/gcc/avr/4.6.2/../../../../avr/lib/avr4/libm.a(cmpsf2.o)
 .data          0x008001ee        0x0 /usr/local/CrossPack-AVR-20121207/lib/gcc/avr/4.6.2/../../../../avr/lib/avr4/libm.a(divsf3.o)
 .data          0x008001ee        0x0 /usr/local/CrossPack-AVR-20121207/lib/gcc/avr/4.6.2/../../../../avr/lib/avr4/libm.a(divsf3x.o)
 .data          0x008001ee        0x0 /usr/local/CrossPack-AVR-20121207/lib/gcc/avr/4.6.2/../../../../avr/lib/avr4/libm.a(fixunssfsi.o)
 .data          0x008001ee        0x0 /usr/local/CrossPack-AVR-20121207/lib/gcc/avr/4.6.2/../../../../avr/lib/avr4/libm.a(floatsisf.o)
 .data          0x008001ee        0x0 /usr/local/CrossPack-AVR-20121207/lib/gcc/avr/4.6.2/../../../../avr/lib/avr4/libm.a(fp_cmp.o)
 .data          0x008001ee        0x0 /usr/local/CrossPack-AVR-20121207/lib/gcc/avr/4.6.2/../../../../avr/lib/avr4/libm.a(fp_inf.o)
 .data          0x008001ee        0x0 /usr/local/CrossPack-AVR-20121207/lib/gcc/avr/4.6.2/../../../../avr/lib/avr4/libm.a(fp_nan.o)
 .data          0x008001ee        0x0 /usr/local/CrossPack-AVR-20121207/lib/gcc/avr/4.6.2/../../../../avr/lib/avr4/libm.a(fp_pscA.o)
 .data          0x008001ee        0x0 /usr/local/CrossPack-AVR-20121207/lib/gcc/avr/4.6.2/../../../../avr/lib/avr4/libm.a(fp_pscB.o)
 .data          0x008001ee        0x0 /usr/local/CrossPack-AVR-20121207/lib/gcc/avr/4.6.2/../../../../avr/lib/avr4/libm.a(fp_round.o)
 .data          0x008001ee        0x0 /usr/local/CrossPack-AVR-20121207/lib/gcc/avr/4.6.2/../../../../avr/lib/avr4/libm.a(fp_split3.o)
 .data          0x008001ee        0x0 /usr/local/CrossPack-AVR-20121207/lib/gcc/avr/4.6.2/../../../../avr/lib/avr4/libm.a(fp_zero.o)
 .data          0x008001ee        0x0 /usr/local/CrossPack-AVR-20121207/lib/gcc/avr/4.6.2/../../../../avr/lib/avr4/libm.a(mulsf3.o)
 .data          0x008001ee        0x0 /usr/local/CrossPack-AVR-20121207/lib/gcc/avr/4.6.2/../../../../avr/lib/avr4/libm.a(mulsf3x.o)
 .data          0x008001ee        0x0 /usr/local/CrossPack-AVR-20121207/lib/gcc/avr/4.6.2/avr4/libgcc.a(_mulsi3.o)
 .data          0x008001ee        0x0 /usr/local/CrossPack-AVR-20121207/lib/gcc/avr/4.6.2/avr4/libgcc.a(_udivmodhi4.o)
 .data          0x008001ee        0x0 /usr/local/CrossPack-AVR-20121207/lib/gcc/avr/4.6.2/avr4/libgcc.a(_udivmodsi4.o)
 .data          0x008001ee        0x0 /usr/local/CrossPack-AVR-20121207/lib/gcc/avr/4.6.2/avr4/libgcc.a(_exit.o)
 .data          0x008001ee        0x0 /usr/local/CrossPack-AVR-20121207/lib/gcc/avr/4.6.2/avr4/libgcc.a(_copy_data.o)
 .data          0x008001ee        0x0 /usr/local/CrossPack-AVR-20121207/lib/gcc/avr/4.6.2/avr4/libgcc.a(_clear_bss.o)
 *(.data*)
 *(.rodata)
 *(.rodata*)
 *(.gnu.linkonce.d*)
                0x008001ee                . = ALIGN (0x2)
                0x008001ee                _edata = .
                0x008001ee                PROVIDE (__data_end, .)

.bss            0x008001ee       0xa2
                0x008001ee                PROVIDE (__bss_start, .)
 *(.bss)
 .bss           0x008001ee        0x0 /usr/local/CrossPack-AVR-20121207/lib/gcc/avr/4.6.2/../../../../avr/lib/avr4/crtm88p.o
 .bss           0x008001ee        0x0 BarMeter.o
 .bss           0x008001ee        0x0 ExtInterrupt.o
 .bss           0x008001ee        0x0 lcd_595_softspi.o
 .bss           0x008001ee        0x6 main.o
                0x008001ee                tacho_n
                0x008001f0                maxv
 .bss           0x008001f4        0x0 usart.o
 .bss           0x008001f4        0x0 /usr/local/CrossPack-AVR-20121207/lib/gcc/avr/4.6.2/../../../../avr/lib/avr4/libm.a(addsf3.o)
 .bss           0x008001f4        0x0 /usr/local/CrossPack-AVR-20121207/lib/gcc/avr/4.6.2/../../../../avr/lib/avr4/libm.a(addsf3x.o)
 .bss           0x008001f4        0x0 /usr/local/CrossPack-AVR-20121207/lib/gcc/avr/4.6.2/../../../../avr/lib/avr4/libm.a(cmpsf2.o)
 .bss           0x008001f4        0x0 /usr/local/CrossPack-AVR-20121207/lib/gcc/avr/4.6.2/../../../../avr/lib/avr4/libm.a(divsf3.o)
 .bss           0x008001f4        0x0 /usr/local/CrossPack-AVR-20121207/lib/gcc/avr/4.6.2/../../../../avr/lib/avr4/libm.a(divsf3x.o)
 .bss           0x008001f4        0x0 /usr/local/CrossPack-AVR-20121207/lib/gcc/avr/4.6.2/../../../../avr/lib/avr4/libm.a(fixunssfsi.o)
 .bss           0x008001f4        0x0 /usr/local/CrossPack-AVR-20121207/lib/gcc/avr/4.6.2/../../../../avr/lib/avr4/libm.a(floatsisf.o)
 .bss           0x008001f4        0x0 /usr/local/CrossPack-AVR-20121207/lib/gcc/avr/4.6.2/../../../../avr/lib/avr4/libm.a(fp_cmp.o)
 .bss           0x008001f4        0x0 /usr/local/CrossPack-AVR-20121207/lib/gcc/avr/4.6.2/../../../../avr/lib/avr4/libm.a(fp_inf.o)
 .bss           0x008001f4        0x0 /usr/local/CrossPack-AVR-20121207/lib/gcc/avr/4.6.2/../../../../avr/lib/avr4/libm.a(fp_nan.o)
 .bss           0x008001f4        0x0 /usr/local/CrossPack-AVR-20121207/lib/gcc/avr/4.6.2/../../../../avr/lib/avr4/libm.a(fp_pscA.o)
 .bss           0x008001f4        0x0 /usr/local/CrossPack-AVR-20121207/lib/gcc/avr/4.6.2/../../../../avr/lib/avr4/libm.a(fp_pscB.o)
 .bss           0x008001f4        0x0 /usr/local/CrossPack-AVR-20121207/lib/gcc/avr/4.6.2/../../../../avr/lib/avr4/libm.a(fp_round.o)
 .bss           0x008001f4        0x0 /usr/local/CrossPack-AVR-20121207/lib/gcc/avr/4.6.2/../../../../avr/lib/avr4/libm.a(fp_split3.o)
 .bss           0x008001f4        0x0 /usr/local/CrossPack-AVR-20121207/lib/gcc/avr/4.6.2/../../../../avr/lib/avr4/libm.a(fp_zero.o)
 .bss           0x008001f4        0x0 /usr/local/CrossPack-AVR-20121207/lib/gcc/avr/4.6.2/../../../../avr/lib/avr4/libm.a(mulsf3.o)
 .bss           0x008001f4        0x0 /usr/local/CrossPack-AVR-20121207/lib/gcc/avr/4.6.2/../../../../avr/lib/avr4/libm.a(mulsf3x.o)
 .bss           0x008001f4        0x0 /usr/local/CrossPack-AVR-20121207/lib/gcc/avr/4.6.2/avr4/libgcc.a(_mulsi3.o)
 .bss           0x008001f4        0x0 /usr/local/CrossPack-AVR-20121207/lib/gcc/avr/4.6.2/avr4/libgcc.a(_udivmodhi4.o)
 .bss           0x008001f4        0x0 /usr/local/CrossPack-AVR-20121207/lib/gcc/avr/4.6.2/avr4/libgcc.a(_udivmodsi4.o)
 .bss           0x008001f4        0x0 /usr/local/CrossPack-AVR-20121207/lib/gcc/avr/4.6.2/avr4/libgcc.a(_exit.o)
 .bss           0x008001f4        0x0 /usr/local/CrossPack-AVR-20121207/lib/gcc/avr/4.6.2/avr4/libgcc.a(_copy_data.o)
 .bss           0x008001f4        0x0 /usr/local/CrossPack-AVR-20121207/lib/gcc/avr/4.6.2/avr4/libgcc.a(_clear_bss.o)
 *(.bss*)
 *(COMMON)
 COMMON         0x008001f4        0x3 lcd_595_softspi.o
                0x008001f4                DATA
                0x008001f5                E
                0x008001f6                RS
 COMMON         0x008001f7       0x99 main.o
                0x008001f7                RxName
                0x00800205                freq
                0x00800209                t_id
                0x0080020d                cnt
                0x00800211                RxName_long
                0x0080021f                rpm
                0x00800223                data
                0x00800233                meas_array
                0x00800257                RxNameLength
                0x0080025e                RxName_short
                0x0080026c                proc_array
                0x00800290                PROVIDE (__bss_end, .)
                0x00001320                __data_load_start = LOADADDR (.data)
                0x0000140e                __data_load_end = (__data_load_start + SIZEOF (.data))

.noinit         0x00800290        0x0
                0x00800290                PROVIDE (__noinit_start, .)
 *(.noinit*)
                0x00800290                PROVIDE (__noinit_end, .)
                0x00800290                _end = .
                0x00800290                PROVIDE (__heap_start, .)

.eeprom         0x00810000        0x0
 *(.eeprom*)
                0x00810000                __eeprom_end = .

.fuse
 *(.fuse)
 *(.lfuse)
 *(.hfuse)
 *(.efuse)

.lock
 *(.lock*)

.signature
 *(.signature*)

.stab           0x00000000     0x4bd8
 *(.stab)
 .stab          0x00000000      0x6cc /usr/local/CrossPack-AVR-20121207/lib/gcc/avr/4.6.2/../../../../avr/lib/avr4/crtm88p.o
 .stab          0x000006cc      0x630 BarMeter.o
                                0x63c (size before relaxing)
 .stab          0x00000cfc      0x30c ExtInterrupt.o
                                0x4d4 (size before relaxing)
 .stab          0x00001008      0xac8 lcd_595_softspi.o
                                0xc90 (size before relaxing)
 .stab          0x00001ad0      0xf60 main.o
                               0x1128 (size before relaxing)
 .stab          0x00002a30      0x504 usart.o
                                0x6cc (size before relaxing)
 .stab          0x00002f34       0x78 /usr/local/CrossPack-AVR-20121207/lib/gcc/avr/4.6.2/../../../../avr/lib/avr4/libm.a(addsf3.o)
                                 0x84 (size before relaxing)
 .stab          0x00002fac      0x4bc /usr/local/CrossPack-AVR-20121207/lib/gcc/avr/4.6.2/../../../../avr/lib/avr4/libm.a(addsf3x.o)
                                0x4c8 (size before relaxing)
 .stab          0x00003468       0x90 /usr/local/CrossPack-AVR-20121207/lib/gcc/avr/4.6.2/../../../../avr/lib/avr4/libm.a(cmpsf2.o)
                                 0x9c (size before relaxing)
 .stab          0x000034f8       0x48 /usr/local/CrossPack-AVR-20121207/lib/gcc/avr/4.6.2/../../../../avr/lib/avr4/libm.a(divsf3.o)
                                 0x54 (size before relaxing)
 .stab          0x00003540      0x510 /usr/local/CrossPack-AVR-20121207/lib/gcc/avr/4.6.2/../../../../avr/lib/avr4/libm.a(divsf3x.o)
                                0x51c (size before relaxing)
 .stab          0x00003a50      0x240 /usr/local/CrossPack-AVR-20121207/lib/gcc/avr/4.6.2/../../../../avr/lib/avr4/libm.a(fixunssfsi.o)
                                0x24c (size before relaxing)
 .stab          0x00003c90      0x318 /usr/local/CrossPack-AVR-20121207/lib/gcc/avr/4.6.2/../../../../avr/lib/avr4/libm.a(floatsisf.o)
                                0x324 (size before relaxing)
 .stab          0x00003fa8      0x1e0 /usr/local/CrossPack-AVR-20121207/lib/gcc/avr/4.6.2/../../../../avr/lib/avr4/libm.a(fp_cmp.o)
                                0x1ec (size before relaxing)
 .stab          0x00004188       0x78 /usr/local/CrossPack-AVR-20121207/lib/gcc/avr/4.6.2/../../../../avr/lib/avr4/libm.a(fp_inf.o)
                                 0x84 (size before relaxing)
 .stab          0x00004200       0x54 /usr/local/CrossPack-AVR-20121207/lib/gcc/avr/4.6.2/../../../../avr/lib/avr4/libm.a(fp_nan.o)
                                 0x60 (size before relaxing)
 .stab          0x00004254       0x84 /usr/local/CrossPack-AVR-20121207/lib/gcc/avr/4.6.2/../../../../avr/lib/avr4/libm.a(fp_pscA.o)
                                 0x90 (size before relaxing)
 .stab          0x000042d8       0x84 /usr/local/CrossPack-AVR-20121207/lib/gcc/avr/4.6.2/../../../../avr/lib/avr4/libm.a(fp_pscB.o)
                                 0x90 (size before relaxing)
 .stab          0x0000435c       0xfc /usr/local/CrossPack-AVR-20121207/lib/gcc/avr/4.6.2/../../../../avr/lib/avr4/libm.a(fp_round.o)
                                0x108 (size before relaxing)
 .stab          0x00004458      0x1d4 /usr/local/CrossPack-AVR-20121207/lib/gcc/avr/4.6.2/../../../../avr/lib/avr4/libm.a(fp_split3.o)
                                0x1e0 (size before relaxing)
 .stab          0x0000462c       0x90 /usr/local/CrossPack-AVR-20121207/lib/gcc/avr/4.6.2/../../../../avr/lib/avr4/libm.a(fp_zero.o)
                                 0x9c (size before relaxing)
 .stab          0x000046bc       0x48 /usr/local/CrossPack-AVR-20121207/lib/gcc/avr/4.6.2/../../../../avr/lib/avr4/libm.a(mulsf3.o)
                                 0x54 (size before relaxing)
 .stab          0x00004704      0x4d4 /usr/local/CrossPack-AVR-20121207/lib/gcc/avr/4.6.2/../../../../avr/lib/avr4/libm.a(mulsf3x.o)
                                0x4e0 (size before relaxing)

.stabstr        0x00000000     0x19f0
 *(.stabstr)
 .stabstr       0x00000000     0x19f0 /usr/local/CrossPack-AVR-20121207/lib/gcc/avr/4.6.2/../../../../avr/lib/avr4/crtm88p.o

.stab.excl
 *(.stab.excl)

.stab.exclstr
 *(.stab.exclstr)

.stab.index
 *(.stab.index)

.stab.indexstr
 *(.stab.indexstr)

.comment
 *(.comment)

.debug
 *(.debug)

.line
 *(.line)

.debug_srcinfo
 *(.debug_srcinfo)

.debug_sfnames
 *(.debug_sfnames)

.debug_aranges  0x00000000       0xc0
 *(.debug_aranges)
 .debug_aranges
                0x00000000       0x20 /usr/local/CrossPack-AVR-20121207/lib/gcc/avr/4.6.2/avr4/libgcc.a(_mulsi3.o)
 .debug_aranges
                0x00000020       0x20 /usr/local/CrossPack-AVR-20121207/lib/gcc/avr/4.6.2/avr4/libgcc.a(_udivmodhi4.o)
 .debug_aranges
                0x00000040       0x20 /usr/local/CrossPack-AVR-20121207/lib/gcc/avr/4.6.2/avr4/libgcc.a(_udivmodsi4.o)
 .debug_aranges
                0x00000060       0x20 /usr/local/CrossPack-AVR-20121207/lib/gcc/avr/4.6.2/avr4/libgcc.a(_exit.o)
 .debug_aranges
                0x00000080       0x20 /usr/local/CrossPack-AVR-20121207/lib/gcc/avr/4.6.2/avr4/libgcc.a(_copy_data.o)
 .debug_aranges
                0x000000a0       0x20 /usr/local/CrossPack-AVR-20121207/lib/gcc/avr/4.6.2/avr4/libgcc.a(_clear_bss.o)

.debug_pubnames
 *(.debug_pubnames)

.debug_info     0x00000000      0x480
 *(.debug_info)
 .debug_info    0x00000000       0xc0 /usr/local/CrossPack-AVR-20121207/lib/gcc/avr/4.6.2/avr4/libgcc.a(_mulsi3.o)
 .debug_info    0x000000c0       0xc0 /usr/local/CrossPack-AVR-20121207/lib/gcc/avr/4.6.2/avr4/libgcc.a(_udivmodhi4.o)
 .debug_info    0x00000180       0xc0 /usr/local/CrossPack-AVR-20121207/lib/gcc/avr/4.6.2/avr4/libgcc.a(_udivmodsi4.o)
 .debug_info    0x00000240       0xc0 /usr/local/CrossPack-AVR-20121207/lib/gcc/avr/4.6.2/avr4/libgcc.a(_exit.o)
 .debug_info    0x00000300       0xc0 /usr/local/CrossPack-AVR-20121207/lib/gcc/avr/4.6.2/avr4/libgcc.a(_copy_data.o)
 .debug_info    0x000003c0       0xc0 /usr/local/CrossPack-AVR-20121207/lib/gcc/avr/4.6.2/avr4/libgcc.a(_clear_bss.o)
 *(.gnu.linkonce.wi.*)

.debug_abbrev   0x00000000       0x78
 *(.debug_abbrev)
 .debug_abbrev  0x00000000       0x14 /usr/local/CrossPack-AVR-20121207/lib/gcc/avr/4.6.2/avr4/libgcc.a(_mulsi3.o)
 .debug_abbrev  0x00000014       0x14 /usr/local/CrossPack-AVR-20121207/lib/gcc/avr/4.6.2/avr4/libgcc.a(_udivmodhi4.o)
 .debug_abbrev  0x00000028       0x14 /usr/local/CrossPack-AVR-20121207/lib/gcc/avr/4.6.2/avr4/libgcc.a(_udivmodsi4.o)
 .debug_abbrev  0x0000003c       0x14 /usr/local/CrossPack-AVR-20121207/lib/gcc/avr/4.6.2/avr4/libgcc.a(_exit.o)
 .debug_abbrev  0x00000050       0x14 /usr/local/CrossPack-AVR-20121207/lib/gcc/avr/4.6.2/avr4/libgcc.a(_copy_data.o)
 .debug_abbrev  0x00000064       0x14 /usr/local/CrossPack-AVR-20121207/lib/gcc/avr/4.6.2/avr4/libgcc.a(_clear_bss.o)

.debug_line     0x00000000      0x286
 *(.debug_line)
 .debug_line    0x00000000       0x79 /usr/local/CrossPack-AVR-20121207/lib/gcc/avr/4.6.2/avr4/libgcc.a(_mulsi3.o)
 .debug_line    0x00000079       0x6e /usr/local/CrossPack-AVR-20121207/lib/gcc/avr/4.6.2/avr4/libgcc.a(_udivmodhi4.o)
 .debug_line    0x000000e7       0x7c /usr/local/CrossPack-AVR-20121207/lib/gcc/avr/4.6.2/avr4/libgcc.a(_udivmodsi4.o)
 .debug_line    0x00000163       0x5c /usr/local/CrossPack-AVR-20121207/lib/gcc/avr/4.6.2/avr4/libgcc.a(_exit.o)
 .debug_line    0x000001bf       0x65 /usr/local/CrossPack-AVR-20121207/lib/gcc/avr/4.6.2/avr4/libgcc.a(_copy_data.o)
 .debug_line    0x00000224       0x62 /usr/local/CrossPack-AVR-20121207/lib/gcc/avr/4.6.2/avr4/libgcc.a(_clear_bss.o)

.debug_frame
 *(.debug_frame)

.debug_str
 *(.debug_str)

.debug_loc
 *(.debug_loc)

.debug_macinfo
 *(.debug_macinfo)
OUTPUT(main.elf elf32-avr)
LOAD linker stubs

Cross Reference Table

Symbol                                            File
BarMeter_INTG                                     BarMeter.o
BarMeter_disp                                     BarMeter.o
                                                  main.o
BarMeter_init                                     BarMeter.o
                                                  main.o
BubbleSort                                        main.o
DATA                                              lcd_595_softspi.o
DisplayItemInfo                                   main.o
E                                                 lcd_595_softspi.o
ExtInterrupt_init                                 ExtInterrupt.o
                                                  main.o
PWM_init                                          main.o
RS                                                lcd_595_softspi.o
RxID                                              main.o
RxName                                            main.o
RxNameLength                                      main.o
RxName_long                                       main.o
RxName_short                                      main.o
SoftSPI_Init                                      lcd_595_softspi.o
                                                  main.o
SoftSPI_TX                                        lcd_595_softspi.o
StrLength                                         main.o
USART_receive                                     usart.o
                                                  main.o
USART_receive_wTO                                 usart.o
USART_receive_woTO                                usart.o
USART_transmit                                    usart.o
USARTinit                                         usart.o
                                                  main.o
__addsf3                                          /usr/local/CrossPack-AVR-20121207/lib/gcc/avr/4.6.2/../../../../avr/lib/avr4/libm.a(addsf3.o)
                                                  main.o
__addsf3x                                         /usr/local/CrossPack-AVR-20121207/lib/gcc/avr/4.6.2/../../../../avr/lib/avr4/libm.a(addsf3x.o)
                                                  /usr/local/CrossPack-AVR-20121207/lib/gcc/avr/4.6.2/../../../../avr/lib/avr4/libm.a(addsf3.o)
__bad_interrupt                                   /usr/local/CrossPack-AVR-20121207/lib/gcc/avr/4.6.2/../../../../avr/lib/avr4/crtm88p.o
__bss_end                                         /usr/local/CrossPack-AVR-20121207/lib/gcc/avr/4.6.2/avr4/libgcc.a(_clear_bss.o)
__bss_start                                       /usr/local/CrossPack-AVR-20121207/lib/gcc/avr/4.6.2/avr4/libgcc.a(_clear_bss.o)
__cmpsf2                                          /usr/local/CrossPack-AVR-20121207/lib/gcc/avr/4.6.2/../../../../avr/lib/avr4/libm.a(cmpsf2.o)
__data_end                                        /usr/local/CrossPack-AVR-20121207/lib/gcc/avr/4.6.2/avr4/libgcc.a(_copy_data.o)
__data_load_start                                 /usr/local/CrossPack-AVR-20121207/lib/gcc/avr/4.6.2/avr4/libgcc.a(_copy_data.o)
__data_start                                      /usr/local/CrossPack-AVR-20121207/lib/gcc/avr/4.6.2/avr4/libgcc.a(_copy_data.o)
__divsf3                                          /usr/local/CrossPack-AVR-20121207/lib/gcc/avr/4.6.2/../../../../avr/lib/avr4/libm.a(divsf3.o)
                                                  main.o
__divsf3_pse                                      /usr/local/CrossPack-AVR-20121207/lib/gcc/avr/4.6.2/../../../../avr/lib/avr4/libm.a(divsf3x.o)
__divsf3x                                         /usr/local/CrossPack-AVR-20121207/lib/gcc/avr/4.6.2/../../../../avr/lib/avr4/libm.a(divsf3x.o)
                                                  /usr/local/CrossPack-AVR-20121207/lib/gcc/avr/4.6.2/../../../../avr/lib/avr4/libm.a(divsf3.o)
__do_clear_bss                                    /usr/local/CrossPack-AVR-20121207/lib/gcc/avr/4.6.2/avr4/libgcc.a(_clear_bss.o)
                                                  usart.o
                                                  main.o
                                                  lcd_595_softspi.o
                                                  ExtInterrupt.o
                                                  BarMeter.o
__do_copy_data                                    /usr/local/CrossPack-AVR-20121207/lib/gcc/avr/4.6.2/avr4/libgcc.a(_copy_data.o)
                                                  usart.o
                                                  main.o
                                                  lcd_595_softspi.o
                                                  ExtInterrupt.o
                                                  BarMeter.o
__eqsf2                                           /usr/local/CrossPack-AVR-20121207/lib/gcc/avr/4.6.2/../../../../avr/lib/avr4/libm.a(cmpsf2.o)
__fixunssfsi                                      /usr/local/CrossPack-AVR-20121207/lib/gcc/avr/4.6.2/../../../../avr/lib/avr4/libm.a(fixunssfsi.o)
                                                  main.o
__floatsisf                                       /usr/local/CrossPack-AVR-20121207/lib/gcc/avr/4.6.2/../../../../avr/lib/avr4/libm.a(floatsisf.o)
                                                  main.o
__floatunsisf                                     /usr/local/CrossPack-AVR-20121207/lib/gcc/avr/4.6.2/../../../../avr/lib/avr4/libm.a(floatsisf.o)
                                                  main.o
__fp_cmp                                          /usr/local/CrossPack-AVR-20121207/lib/gcc/avr/4.6.2/../../../../avr/lib/avr4/libm.a(fp_cmp.o)
                                                  /usr/local/CrossPack-AVR-20121207/lib/gcc/avr/4.6.2/../../../../avr/lib/avr4/libm.a(cmpsf2.o)
__fp_inf                                          /usr/local/CrossPack-AVR-20121207/lib/gcc/avr/4.6.2/../../../../avr/lib/avr4/libm.a(fp_inf.o)
                                                  /usr/local/CrossPack-AVR-20121207/lib/gcc/avr/4.6.2/../../../../avr/lib/avr4/libm.a(mulsf3x.o)
                                                  /usr/local/CrossPack-AVR-20121207/lib/gcc/avr/4.6.2/../../../../avr/lib/avr4/libm.a(divsf3x.o)
                                                  /usr/local/CrossPack-AVR-20121207/lib/gcc/avr/4.6.2/../../../../avr/lib/avr4/libm.a(addsf3x.o)
__fp_nan                                          /usr/local/CrossPack-AVR-20121207/lib/gcc/avr/4.6.2/../../../../avr/lib/avr4/libm.a(fp_nan.o)
                                                  /usr/local/CrossPack-AVR-20121207/lib/gcc/avr/4.6.2/../../../../avr/lib/avr4/libm.a(mulsf3x.o)
                                                  /usr/local/CrossPack-AVR-20121207/lib/gcc/avr/4.6.2/../../../../avr/lib/avr4/libm.a(divsf3x.o)
                                                  /usr/local/CrossPack-AVR-20121207/lib/gcc/avr/4.6.2/../../../../avr/lib/avr4/libm.a(addsf3x.o)
__fp_pscA                                         /usr/local/CrossPack-AVR-20121207/lib/gcc/avr/4.6.2/../../../../avr/lib/avr4/libm.a(fp_pscA.o)
                                                  /usr/local/CrossPack-AVR-20121207/lib/gcc/avr/4.6.2/../../../../avr/lib/avr4/libm.a(mulsf3x.o)
                                                  /usr/local/CrossPack-AVR-20121207/lib/gcc/avr/4.6.2/../../../../avr/lib/avr4/libm.a(divsf3x.o)
                                                  /usr/local/CrossPack-AVR-20121207/lib/gcc/avr/4.6.2/../../../../avr/lib/avr4/libm.a(addsf3x.o)
__fp_pscB                                         /usr/local/CrossPack-AVR-20121207/lib/gcc/avr/4.6.2/../../../../avr/lib/avr4/libm.a(fp_pscB.o)
                                                  /usr/local/CrossPack-AVR-20121207/lib/gcc/avr/4.6.2/../../../../avr/lib/avr4/libm.a(mulsf3x.o)
                                                  /usr/local/CrossPack-AVR-20121207/lib/gcc/avr/4.6.2/../../../../avr/lib/avr4/libm.a(divsf3x.o)
                                                  /usr/local/CrossPack-AVR-20121207/lib/gcc/avr/4.6.2/../../../../avr/lib/avr4/libm.a(addsf3x.o)
__fp_round                                        /usr/local/CrossPack-AVR-20121207/lib/gcc/avr/4.6.2/../../../../avr/lib/avr4/libm.a(fp_round.o)
                                                  /usr/local/CrossPack-AVR-20121207/lib/gcc/avr/4.6.2/../../../../avr/lib/avr4/libm.a(mulsf3.o)
                                                  /usr/local/CrossPack-AVR-20121207/lib/gcc/avr/4.6.2/../../../../avr/lib/avr4/libm.a(divsf3.o)
                                                  /usr/local/CrossPack-AVR-20121207/lib/gcc/avr/4.6.2/../../../../avr/lib/avr4/libm.a(addsf3.o)
__fp_split3                                       /usr/local/CrossPack-AVR-20121207/lib/gcc/avr/4.6.2/../../../../avr/lib/avr4/libm.a(fp_split3.o)
                                                  /usr/local/CrossPack-AVR-20121207/lib/gcc/avr/4.6.2/../../../../avr/lib/avr4/libm.a(mulsf3x.o)
                                                  /usr/local/CrossPack-AVR-20121207/lib/gcc/avr/4.6.2/../../../../avr/lib/avr4/libm.a(divsf3x.o)
                                                  /usr/local/CrossPack-AVR-20121207/lib/gcc/avr/4.6.2/../../../../avr/lib/avr4/libm.a(addsf3x.o)
__fp_splitA                                       /usr/local/CrossPack-AVR-20121207/lib/gcc/avr/4.6.2/../../../../avr/lib/avr4/libm.a(fp_split3.o)
                                                  /usr/local/CrossPack-AVR-20121207/lib/gcc/avr/4.6.2/../../../../avr/lib/avr4/libm.a(fixunssfsi.o)
__fp_szero                                        /usr/local/CrossPack-AVR-20121207/lib/gcc/avr/4.6.2/../../../../avr/lib/avr4/libm.a(fp_zero.o)
                                                  /usr/local/CrossPack-AVR-20121207/lib/gcc/avr/4.6.2/../../../../avr/lib/avr4/libm.a(mulsf3x.o)
                                                  /usr/local/CrossPack-AVR-20121207/lib/gcc/avr/4.6.2/../../../../avr/lib/avr4/libm.a(divsf3x.o)
__fp_zero                                         /usr/local/CrossPack-AVR-20121207/lib/gcc/avr/4.6.2/../../../../avr/lib/avr4/libm.a(fp_zero.o)
                                                  /usr/local/CrossPack-AVR-20121207/lib/gcc/avr/4.6.2/../../../../avr/lib/avr4/libm.a(fixunssfsi.o)
                                                  /usr/local/CrossPack-AVR-20121207/lib/gcc/avr/4.6.2/../../../../avr/lib/avr4/libm.a(addsf3x.o)
__heap_end                                        /usr/local/CrossPack-AVR-20121207/lib/gcc/avr/4.6.2/../../../../avr/lib/avr4/crtm88p.o
__init                                            /usr/local/CrossPack-AVR-20121207/lib/gcc/avr/4.6.2/../../../../avr/lib/avr4/crtm88p.o
__lesf2                                           /usr/local/CrossPack-AVR-20121207/lib/gcc/avr/4.6.2/../../../../avr/lib/avr4/libm.a(cmpsf2.o)
__ltsf2                                           /usr/local/CrossPack-AVR-20121207/lib/gcc/avr/4.6.2/../../../../avr/lib/avr4/libm.a(cmpsf2.o)
                                                  main.o
__mulsf3                                          /usr/local/CrossPack-AVR-20121207/lib/gcc/avr/4.6.2/../../../../avr/lib/avr4/libm.a(mulsf3.o)
                                                  main.o
__mulsf3_pse                                      /usr/local/CrossPack-AVR-20121207/lib/gcc/avr/4.6.2/../../../../avr/lib/avr4/libm.a(mulsf3x.o)
__mulsf3x                                         /usr/local/CrossPack-AVR-20121207/lib/gcc/avr/4.6.2/../../../../avr/lib/avr4/libm.a(mulsf3x.o)
                                                  /usr/local/CrossPack-AVR-20121207/lib/gcc/avr/4.6.2/../../../../avr/lib/avr4/libm.a(mulsf3.o)
__mulsi3                                          /usr/local/CrossPack-AVR-20121207/lib/gcc/avr/4.6.2/avr4/libgcc.a(_mulsi3.o)
                                                  lcd_595_softspi.o
__nesf2                                           /usr/local/CrossPack-AVR-20121207/lib/gcc/avr/4.6.2/../../../../avr/lib/avr4/libm.a(cmpsf2.o)
__stack                                           /usr/local/CrossPack-AVR-20121207/lib/gcc/avr/4.6.2/../../../../avr/lib/avr4/crtm88p.o
__subsf3                                          /usr/local/CrossPack-AVR-20121207/lib/gcc/avr/4.6.2/../../../../avr/lib/avr4/libm.a(addsf3.o)
__udivmodhi4                                      /usr/local/CrossPack-AVR-20121207/lib/gcc/avr/4.6.2/avr4/libgcc.a(_udivmodhi4.o)
                                                  BarMeter.o
__udivmodsi4                                      /usr/local/CrossPack-AVR-20121207/lib/gcc/avr/4.6.2/avr4/libgcc.a(_udivmodsi4.o)
                                                  lcd_595_softspi.o
__vector_1                                        main.o
                                                  /usr/local/CrossPack-AVR-20121207/lib/gcc/avr/4.6.2/../../../../avr/lib/avr4/crtm88p.o
__vector_10                                       /usr/local/CrossPack-AVR-20121207/lib/gcc/avr/4.6.2/../../../../avr/lib/avr4/crtm88p.o
__vector_11                                       /usr/local/CrossPack-AVR-20121207/lib/gcc/avr/4.6.2/../../../../avr/lib/avr4/crtm88p.o
__vector_12                                       /usr/local/CrossPack-AVR-20121207/lib/gcc/avr/4.6.2/../../../../avr/lib/avr4/crtm88p.o
__vector_13                                       main.o
                                                  /usr/local/CrossPack-AVR-20121207/lib/gcc/avr/4.6.2/../../../../avr/lib/avr4/crtm88p.o
__vector_14                                       /usr/local/CrossPack-AVR-20121207/lib/gcc/avr/4.6.2/../../../../avr/lib/avr4/crtm88p.o
__vector_15                                       /usr/local/CrossPack-AVR-20121207/lib/gcc/avr/4.6.2/../../../../avr/lib/avr4/crtm88p.o
__vector_16                                       /usr/local/CrossPack-AVR-20121207/lib/gcc/avr/4.6.2/../../../../avr/lib/avr4/crtm88p.o
__vector_17                                       /usr/local/CrossPack-AVR-20121207/lib/gcc/avr/4.6.2/../../../../avr/lib/avr4/crtm88p.o
__vector_18                                       main.o
                                                  /usr/local/CrossPack-AVR-20121207/lib/gcc/avr/4.6.2/../../../../avr/lib/avr4/crtm88p.o
__vector_19                                       /usr/local/CrossPack-AVR-20121207/lib/gcc/avr/4.6.2/../../../../avr/lib/avr4/crtm88p.o
__vector_2                                        /usr/local/CrossPack-AVR-20121207/lib/gcc/avr/4.6.2/../../../../avr/lib/avr4/crtm88p.o
__vector_20                                       /usr/local/CrossPack-AVR-20121207/lib/gcc/avr/4.6.2/../../../../avr/lib/avr4/crtm88p.o
__vector_21                                       /usr/local/CrossPack-AVR-20121207/lib/gcc/avr/4.6.2/../../../../avr/lib/avr4/crtm88p.o
__vector_22                                       /usr/local/CrossPack-AVR-20121207/lib/gcc/avr/4.6.2/../../../../avr/lib/avr4/crtm88p.o
__vector_23                                       /usr/local/CrossPack-AVR-20121207/lib/gcc/avr/4.6.2/../../../../avr/lib/avr4/crtm88p.o
__vector_24                                       /usr/local/CrossPack-AVR-20121207/lib/gcc/avr/4.6.2/../../../../avr/lib/avr4/crtm88p.o
__vector_25                                       /usr/local/CrossPack-AVR-20121207/lib/gcc/avr/4.6.2/../../../../avr/lib/avr4/crtm88p.o
__vector_3                                        /usr/local/CrossPack-AVR-20121207/lib/gcc/avr/4.6.2/../../../../avr/lib/avr4/crtm88p.o
__vector_4                                        /usr/local/CrossPack-AVR-20121207/lib/gcc/avr/4.6.2/../../../../avr/lib/avr4/crtm88p.o
__vector_5                                        /usr/local/CrossPack-AVR-20121207/lib/gcc/avr/4.6.2/../../../../avr/lib/avr4/crtm88p.o
__vector_6                                        /usr/local/CrossPack-AVR-20121207/lib/gcc/avr/4.6.2/../../../../avr/lib/avr4/crtm88p.o
__vector_7                                        /usr/local/CrossPack-AVR-20121207/lib/gcc/avr/4.6.2/../../../../avr/lib/avr4/crtm88p.o
__vector_8                                        /usr/local/CrossPack-AVR-20121207/lib/gcc/avr/4.6.2/../../../../avr/lib/avr4/crtm88p.o
__vector_9                                        /usr/local/CrossPack-AVR-20121207/lib/gcc/avr/4.6.2/../../../../avr/lib/avr4/crtm88p.o
__vector_default                                  main.o
                                                  /usr/local/CrossPack-AVR-20121207/lib/gcc/avr/4.6.2/../../../../avr/lib/avr4/crtm88p.o
__vectors                                         /usr/local/CrossPack-AVR-20121207/lib/gcc/avr/4.6.2/../../../../avr/lib/avr4/crtm88p.o
_exit                                             /usr/local/CrossPack-AVR-20121207/lib/gcc/avr/4.6.2/avr4/libgcc.a(_exit.o)
chg_count                                         main.o
chg_index                                         main.o
cnt                                               main.o
data                                              main.o
exit                                              /usr/local/CrossPack-AVR-20121207/lib/gcc/avr/4.6.2/avr4/libgcc.a(_exit.o)
                                                  /usr/local/CrossPack-AVR-20121207/lib/gcc/avr/4.6.2/../../../../avr/lib/avr4/crtm88p.o
freq                                              main.o
lcd_clear                                         lcd_595_softspi.o
                                                  main.o
lcd_init                                          lcd_595_softspi.o
                                                  main.o
lcd_locate                                        lcd_595_softspi.o
                                                  main.o
lcd_set_4bit                                      lcd_595_softspi.o
lcd_set_CGRAMaddr                                 lcd_595_softspi.o
                                                  BarMeter.o
lcd_set_char                                      lcd_595_softspi.o
                                                  main.o
                                                  BarMeter.o
lcd_set_numeric                                   lcd_595_softspi.o
                                                  main.o
lcd_set_str                                       lcd_595_softspi.o
                                                  main.o
lcd_update                                        main.o
main                                              main.o
                                                  /usr/local/CrossPack-AVR-20121207/lib/gcc/avr/4.6.2/../../../../avr/lib/avr4/crtm88p.o
maxv                                              main.o
meas_array                                        main.o
minv                                              main.o
proc_array                                        main.o
rpm                                               main.o
send_bits_595                                     lcd_595_softspi.o
set_initial_t_id                                  main.o
t_id                                              main.o
tacho_n                                           main.o
timer1_init                                       main.o
