   1               		.file	"ADC.c"
   2               	__SREG__ = 0x3f
   3               	__SP_H__ = 0x3e
   4               	__SP_L__ = 0x3d
   5               	__CCP__ = 0x34
   6               	__tmp_reg__ = 0
   7               	__zero_reg__ = 1
   8               		.global __do_copy_data
   9               		.global __do_clear_bss
  11               		.text
  12               	.Ltext0:
 117               	.global	ADC_init
 119               	ADC_init:
   1:ADC.c         **** //
   2:ADC.c         **** //  ADC.c
   3:ADC.c         **** //  MFM_rev6
   4:ADC.c         **** //
   5:ADC.c         **** //  Created by imashio on 12/3/14.
   6:ADC.c         **** //
   7:ADC.c         **** //
   8:ADC.c         **** 
   9:ADC.c         **** #include <avr/io.h>
  10:ADC.c         **** 
  11:ADC.c         **** #include "ADC.h"
  12:ADC.c         **** 
  13:ADC.c         **** void ADC_init(){
 121               	.LM0:
 122               	.LFBB1:
 123               	/* prologue: function */
 124               	/* frame size = 0 */
 125               	/* stack size = 0 */
 126               	.L__stack_usage = 0
  14:ADC.c         ****     
  15:ADC.c         ****     ADMUX   = 0b00100000;
 128               	.LM1:
 129 0000 80E2      		ldi r24,lo8(32)
 130 0002 8093 7C00 		sts 124,r24
  16:ADC.c         ****     ADCSRA  = 0b11000111;
 132               	.LM2:
 133 0006 87EC      		ldi r24,lo8(-57)
 134 0008 8093 7A00 		sts 122,r24
  17:ADC.c         ****     ADCSRB  = 0b00000000;
 136               	.LM3:
 137 000c 1092 7B00 		sts 123,__zero_reg__
 138               	/* epilogue start */
  18:ADC.c         ****     
  19:ADC.c         **** }...
 140               	.LM4:
 141 0010 0895      		ret
 143               	.Lscope1:
 145               	.Letext0:
DEFINED SYMBOLS
                            *ABS*:00000000 ADC.c
/var/folders/v3/wysfpd052nz8jkbx04pk0ym80000gn/T//ccvAY0I4.s:2      *ABS*:0000003f __SREG__
/var/folders/v3/wysfpd052nz8jkbx04pk0ym80000gn/T//ccvAY0I4.s:3      *ABS*:0000003e __SP_H__
/var/folders/v3/wysfpd052nz8jkbx04pk0ym80000gn/T//ccvAY0I4.s:4      *ABS*:0000003d __SP_L__
/var/folders/v3/wysfpd052nz8jkbx04pk0ym80000gn/T//ccvAY0I4.s:5      *ABS*:00000034 __CCP__
/var/folders/v3/wysfpd052nz8jkbx04pk0ym80000gn/T//ccvAY0I4.s:6      *ABS*:00000000 __tmp_reg__
/var/folders/v3/wysfpd052nz8jkbx04pk0ym80000gn/T//ccvAY0I4.s:7      *ABS*:00000001 __zero_reg__
/var/folders/v3/wysfpd052nz8jkbx04pk0ym80000gn/T//ccvAY0I4.s:119    .text:00000000 ADC_init

UNDEFINED SYMBOLS
__do_copy_data
__do_clear_bss
